******************************************************************************
                  TI ARM Linker PC v20.2.4                     
******************************************************************************
>> Linked Fri Sep 22 10:40:31 2023

OUTPUT FILE NAME:   <Controlled.out>
ENTRY POINT SYMBOL: "_c_int00_noargs"  address: 00001b6d


MEMORY CONFIGURATION

         name            origin    length      used     unused   attr    fill
----------------------  --------  ---------  --------  --------  ----  --------
  FLASH                 00000000   00100000  00001cec  000fe314  R  X
  SRAM                  20000000   00040000  00000207  0003fdf9  RW X


SEGMENT ALLOCATION MAP

run origin  load origin   length   init length attrs members
----------  ----------- ---------- ----------- ----- -------
00000000    00000000    00001cec   00001cec    r-x
  00000000    00000000    00000208   00000208    r-- .intvecs
  00000208    00000208    00001a88   00001a88    r-x .text
  00001c90    00001c90    00000040   00000040    r-- .const
  00001cd0    00001cd0    0000001c   0000001c    r-- .cinit
20000000    20000000    00000207   00000000    rw-
  20000000    20000000    00000200   00000000    rw- .stack
  20000200    20000200    00000007   00000000    rw- .data


SECTION ALLOCATION MAP

 output                                  attributes/
section   page    origin      length       input sections
--------  ----  ----------  ----------   ----------------
.intvecs   0    00000000    00000208     
                  00000000    00000208     tm4c129encpdt_startup_ccs.obj (.intvecs)

.text      0    00000208    00001a88     
                  00000208    000009c0     rtsv7M4_T_le_v4SPD16_eabi.lib : e_pow.c.obj (.text:pow)
                  00000bc8    000002f4     pinout.obj (.text)
                  00000ebc    000001b6     rtsv7M4_T_le_v4SPD16_eabi.lib : fd_add_t2.asm.obj (.text)
                  00001072    00000002     --HOLE-- [fill = 0]
                  00001074    0000016c     driverlib.lib : gpio.obj (.text:GPIOPadConfigSet)
                  000011e0    00000158     rtsv7M4_T_le_v4SPD16_eabi.lib : e_sqrt.c.obj (.text:sqrt)
                  00001338    00000136                                   : fd_div_t2.asm.obj (.text)
                  0000146e    00000002     --HOLE-- [fill = 0]
                  00001470    00000128     helper_functions_lab_1.obj (.text)
                  00001598    00000110     rtsv7M4_T_le_v4SPD16_eabi.lib : s_scalbn.c.obj (.text:scalbn)
                  000016a8    000000fc                                   : fd_mul_t2.asm.obj (.text)
                  000017a4    000000cc     buttons.obj (.text)
                  00001870    0000009c     rtsv7M4_T_le_v4SPD16_eabi.lib : memcpy_t2.asm.obj (.text)
                  0000190c    00000086                                   : fd_cmp_t2.asm.obj (.text:__aeabi_cdcmple)
                  00001992    00000086                                   : fd_cmp_t2.asm.obj (.text:__aeabi_cdrcmple)
                  00001a18    00000068                                   : copy_decompress_lzss.c.obj (.text:decompress:lzss:__TI_decompress_lzss)
                  00001a80    00000064     main_lab_1.obj (.text)
                  00001ae4    00000044     rtsv7M4_T_le_v4SPD16_eabi.lib : autoinit.c.obj (.text:__TI_auto_init_nobinit_nopinit:__TI_auto_init_nobinit_nopinit)
                  00001b28    00000044                                   : fd_tou_t2.asm.obj (.text)
                  00001b6c    00000034                                   : boot_cortex_m.c.obj (.text:_c_int00_noargs:_c_int00_noargs)
                  00001ba0    0000002e                                   : i_tofd_t2.asm.obj (.text)
                  00001bce    0000002c     driverlib.lib : gpio.obj (.text:GPIODirModeSet)
                  00001bfa    00000020     rtsv7M4_T_le_v4SPD16_eabi.lib : u_tofd_t2.asm.obj (.text)
                  00001c1a    0000001a     driverlib.lib : gpio.obj (.text:GPIOPinTypeGPIOOutput)
                  00001c34    0000001a     rtsv7M4_T_le_v4SPD16_eabi.lib : s_copysign.c.obj (.text:copysign)
                  00001c4e    00000016     driverlib.lib : gpio.obj (.text:GPIOPinTypeEthernetLED)
                  00001c64    0000000e     rtsv7M4_T_le_v4SPD16_eabi.lib : copy_decompress_none.c.obj (.text:decompress:none:__TI_decompress_none)
                  00001c72    0000000c     tm4c129encpdt_startup_ccs.obj (.text)
                  00001c7e    00000002     --HOLE-- [fill = 0]
                  00001c80    00000008     rtsv7M4_T_le_v4SPD16_eabi.lib : errno.c.obj (.text:__aeabi_errno_addr)
                  00001c88    00000004                                   : pre_init.c.obj (.text:_system_pre_init)
                  00001c8c    00000004                                   : exit.c.obj (.text:abort:abort)

.const     0    00001c90    00000040     
                  00001c90    00000030     rtsv7M4_T_le_v4SPD16_eabi.lib : e_pow.c.obj (.const:$O1$$)
                  00001cc0    00000010     helper_functions_lab_1.obj (.const:$P$T0$1)

.cinit     0    00001cd0    0000001c     
                  00001cd0    0000000a     (.cinit..data.load) [load image, compression = lzss]
                  00001cda    00000002     --HOLE-- [fill = 0]
                  00001cdc    00000008     (__TI_handler_table)
                  00001ce4    00000008     (__TI_cinit_table)

.init_array 
*          0    00000000    00000000     UNINITIALIZED

.data      0    20000200    00000007     UNINITIALIZED
                  20000200    00000004     rtsv7M4_T_le_v4SPD16_eabi.lib : errno.c.obj (.data)
                  20000204    00000003     buttons.obj (.data)

.stack     0    20000000    00000200     UNINITIALIZED
                  20000000    00000004     rtsv7M4_T_le_v4SPD16_eabi.lib : boot_cortex_m.c.obj (.stack)
                  20000004    000001fc     --HOLE--

__llvm_prf_cnts 
*          0    20000000    00000000     UNINITIALIZED

MODULE SUMMARY

       Module                          code   ro data   rw data
       ------                          ----   -------   -------
    .\
       tm4c129encpdt_startup_ccs.obj   12     520       0      
    +--+-------------------------------+------+---------+---------+
       Total:                          12     520       0      
                                                               
    .\Lab_1\
       helper_functions_lab_1.obj      296    16        0      
       main_lab_1.obj                  100    0         0      
    +--+-------------------------------+------+---------+---------+
       Total:                          396    16        0      
                                                               
    .\drivers\
       pinout.obj                      756    0         0      
       buttons.obj                     204    0         3      
    +--+-------------------------------+------+---------+---------+
       Total:                          960    0         3      
                                                               
    C:/ti/TivaWare_C_Series-2.2.0.295/driverlib/ccs/Debug/driverlib.lib
       gpio.obj                        456    0         0      
    +--+-------------------------------+------+---------+---------+
       Total:                          456    0         0      
                                                               
    C:\ti\ccs1031\ccs\tools\compiler\ti-cgt-arm_20.2.4.LTS\lib\rtsv7M4_T_le_v4SPD16_eabi.lib
       e_pow.c.obj                     2496   48        0      
       fd_add_t2.asm.obj               438    0         0      
       e_sqrt.c.obj                    344    0         0      
       fd_div_t2.asm.obj               310    0         0      
       s_scalbn.c.obj                  272    0         0      
       fd_cmp_t2.asm.obj               268    0         0      
       fd_mul_t2.asm.obj               252    0         0      
       memcpy_t2.asm.obj               156    0         0      
       copy_decompress_lzss.c.obj      104    0         0      
       autoinit.c.obj                  68     0         0      
       fd_tou_t2.asm.obj               68     0         0      
       boot_cortex_m.c.obj             52     0         0      
       i_tofd_t2.asm.obj               46     0         0      
       u_tofd_t2.asm.obj               32     0         0      
       s_copysign.c.obj                26     0         0      
       copy_decompress_none.c.obj      14     0         0      
       errno.c.obj                     8      0         4      
       exit.c.obj                      4      0         0      
       pre_init.c.obj                  4      0         0      
    +--+-------------------------------+------+---------+---------+
       Total:                          4962   48        4      
                                                               
       Stack:                          0      0         512    
       Linker Generated:               0      26        0      
    +--+-------------------------------+------+---------+---------+
       Grand Total:                    6786   610       519    


LINKER GENERATED COPY TABLES

__TI_cinit_table @ 00001ce4 records: 1, size/record: 8, table size: 8
	.data: load addr=00001cd0, load size=0000000a bytes, run addr=20000200, run size=00000007 bytes, compression=lzss


LINKER GENERATED HANDLER TABLE

__TI_handler_table @ 00001cdc records: 2, size/record: 4, table size: 8
	index: 0, handler: __TI_decompress_lzss
	index: 1, handler: __TI_decompress_none


GLOBAL SYMBOLS: SORTED ALPHABETICALLY BY Name 

address   name                          
-------   ----                          
00001819  ButtonsInit                   
000017a5  ButtonsPoll                   
00001c8d  C$$EXIT                       
00001bcf  GPIODirModeSet                
00001075  GPIOPadConfigSet              
00001c4f  GPIOPinTypeEthernetLED        
00001c1b  GPIOPinTypeGPIOOutput         
00001573  LEDButtonOnOff                
000014a7  LEDChaser                     
00001471  LEDFlicker                    
00000e1b  LEDRead                       
00000da5  LEDWrite                      
00000bc9  PinoutSet                     
00001c73  ResetISR                      
20000200  __STACK_END                   
00000200  __STACK_SIZE                  
20000200  __STACK_TOP                   
00001ce4  __TI_CINIT_Base               
00001cec  __TI_CINIT_Limit              
00001cdc  __TI_Handler_Table_Base       
00001ce4  __TI_Handler_Table_Limit      
00001ae5  __TI_auto_init_nobinit_nopinit
00001a19  __TI_decompress_lzss          
00001c65  __TI_decompress_none          
ffffffff  __TI_pprof_out_hndl           
ffffffff  __TI_prof_data_size           
ffffffff  __TI_prof_data_start          
00000000  __TI_static_base__            
0000190d  __aeabi_cdcmpeq               
0000190d  __aeabi_cdcmple               
00001993  __aeabi_cdrcmple              
00001b29  __aeabi_d2uiz                 
00000ec7  __aeabi_dadd                  
00001339  __aeabi_ddiv                  
000016a9  __aeabi_dmul                  
00000ebd  __aeabi_dsub                  
00001c81  __aeabi_errno_addr            
00001ba1  __aeabi_i2d                   
00001871  __aeabi_memcpy                
00001871  __aeabi_memcpy4               
00001871  __aeabi_memcpy8               
00001bfb  __aeabi_ui2d                  
ffffffff  __binit__                     
ffffffff  __c_args__                    
UNDEFED   __mpu_init                    
20000000  __stack                       
20000000  __start___llvm_prf_cnts       
20000000  __stop___llvm_prf_cnts        
00001b6d  _c_int00_noargs               
UNDEFED   _system_post_cinit            
00001c89  _system_pre_init              
00001c8d  abort                         
ffffffff  binit                         
00001c35  copysign                      
00001c35  copysignl                     
20000200  errno                         
00000000  g_pfnVectors                  
00001599  ldexp                         
00001599  ldexpl                        
00001a81  main                          
00001871  memcpy                        
00000209  pow                           
00000209  powl                          
00001599  scalbn                        
00001599  scalbnl                       
000011e1  sqrt                          
000011e1  sqrtl                         


GLOBAL SYMBOLS: SORTED BY Symbol Address 

address   name                          
-------   ----                          
00000000  __TI_static_base__            
00000000  g_pfnVectors                  
00000200  __STACK_SIZE                  
00000209  pow                           
00000209  powl                          
00000bc9  PinoutSet                     
00000da5  LEDWrite                      
00000e1b  LEDRead                       
00000ebd  __aeabi_dsub                  
00000ec7  __aeabi_dadd                  
00001075  GPIOPadConfigSet              
000011e1  sqrt                          
000011e1  sqrtl                         
00001339  __aeabi_ddiv                  
00001471  LEDFlicker                    
000014a7  LEDChaser                     
00001573  LEDButtonOnOff                
00001599  ldexp                         
00001599  ldexpl                        
00001599  scalbn                        
00001599  scalbnl                       
000016a9  __aeabi_dmul                  
000017a5  ButtonsPoll                   
00001819  ButtonsInit                   
00001871  __aeabi_memcpy                
00001871  __aeabi_memcpy4               
00001871  __aeabi_memcpy8               
00001871  memcpy                        
0000190d  __aeabi_cdcmpeq               
0000190d  __aeabi_cdcmple               
00001993  __aeabi_cdrcmple              
00001a19  __TI_decompress_lzss          
00001a81  main                          
00001ae5  __TI_auto_init_nobinit_nopinit
00001b29  __aeabi_d2uiz                 
00001b6d  _c_int00_noargs               
00001ba1  __aeabi_i2d                   
00001bcf  GPIODirModeSet                
00001bfb  __aeabi_ui2d                  
00001c1b  GPIOPinTypeGPIOOutput         
00001c35  copysign                      
00001c35  copysignl                     
00001c4f  GPIOPinTypeEthernetLED        
00001c65  __TI_decompress_none          
00001c73  ResetISR                      
00001c81  __aeabi_errno_addr            
00001c89  _system_pre_init              
00001c8d  C$$EXIT                       
00001c8d  abort                         
00001cdc  __TI_Handler_Table_Base       
00001ce4  __TI_CINIT_Base               
00001ce4  __TI_Handler_Table_Limit      
00001cec  __TI_CINIT_Limit              
20000000  __stack                       
20000000  __start___llvm_prf_cnts       
20000000  __stop___llvm_prf_cnts        
20000200  __STACK_END                   
20000200  __STACK_TOP                   
20000200  errno                         
ffffffff  __TI_pprof_out_hndl           
ffffffff  __TI_prof_data_size           
ffffffff  __TI_prof_data_start          
ffffffff  __binit__                     
ffffffff  __c_args__                    
ffffffff  binit                         
UNDEFED   __mpu_init                    
UNDEFED   _system_post_cinit            

[67 symbols]
